// Jest Snapshot v1, https://goo.gl/fbAQLP

exports[`Button primary enabled 1`] = `
<button
  id={null}
  onClick={null}
  type="button"
>
  soy un boton
</button>
`;
